// Vitest Snapshot v1, https://vitest.dev/guide/snapshot.html

exports[`should render the Panel component 1`] = `
<div>
  <div
    class="nhsuk-panel"
  >
    <h1
      class="nhsuk-panel__title"
    >
      Application complete
    </h1>
    <div
      class="nhsuk-panel__body"
    >
      Confirmation has been sent to you by email
    </div>
  </div>
</div>
`;
