// Vitest Snapshot v1, https://vitest.dev/guide/snapshot.html

exports[`should render the Header component with a service name 1`] = `
<div>
  <header
    class="nhsuk-header"
    role="banner"
  >
    <div
      class="nhsuk-header__container nhsuk-width-container"
    >
      <div
        class="nhsuk-header__service"
      >
        <a
          class="nhsuk-header__service-logo"
          href="#"
        >
          <svg
            aria-label="NHS"
            class="nhsuk-header__logo"
            focusable="false"
            height="40"
            role="img"
            viewBox="0 0 200 80"
            width="100"
            xmlns="http://www.w3.org/2000/svg"
          >
            <title>
              NHS
            </title>
            <path
              d="M200 0v80H0V0h200Zm-27.5 5.5c-14.5 0-29 5-29 22 0 10.2 7.7 13.5 14.7 16.3l.7.3c5.4 2 10.1 3.9 10.1 8.4 0 6.5-8.5 7.5-14 7.5s-12.5-1.5-16-3.5L135 70c5.5 2 13.5 3.5 20 3.5 15.5 0 32-4.5 32-22.5 0-19.5-25.5-16.5-25.5-25.5 0-5.5 5.5-6.5 12.5-6.5a35 35 0 0 1 14.5 3l4-13.5c-4.5-2-12-3-20-3Zm-131 2h-22l-14 65H22l9-45h.5l13.5 45h21.5l14-65H64l-9 45h-.5l-13-45Zm63 0h-18l-13 65h17l6-28H117l-5.5 28H129l13.5-65H125L119.5 32h-20l5-24.5Z"
              fill="currentcolor"
            />
          </svg>
          <span
            class="nhsuk-header__service-name"
          >
            Digital service manual
          </span>
        </a>
      </div>
      <search
        class="nhsuk-header__search"
      >
        <form
          class="nhsuk-header__search-form"
        >
          <label
            class="nhsuk-u-visually-hidden"
            for="search-field"
          >
            Search the NHS website
          </label>
          <input
            autocomplete="off"
            class="nhsuk-header__search-input nhsuk-input"
            id="search-field"
            name="search-field"
            placeholder="Search"
            type="search"
          />
          <button
            class="nhsuk-header__search-submit"
            type="submit"
          >
            <svg
              aria-hidden="true"
              class="nhsuk-icon nhsuk-icon__search"
              focusable="false"
              height="34"
              viewBox="0 0 24 24"
              width="34"
              xmlns="http://www.w3.org/2000/svg"
            >
              <path
                d="M19.71 18.29l-4.11-4.1a7 7 0 1 0-1.41 1.41l4.1 4.11a1 1 0 0 0 1.42 0 1 1 0 0 0 0-1.42zM5 10a5 5 0 1 1 5 5 5 5 0 0 1-5-5z"
              />
            </svg>
            <span
              class="nhsuk-u-visually-hidden"
            >
              Search
            </span>
          </button>
        </form>
      </search>
    </div>
    <nav
      aria-label="Menu"
      class="nhsuk-header__navigation"
    >
      <div
        class="nhsuk-header__navigation-container nhsuk-width-container"
      >
        <ul
          class="nhsuk-header__navigation-list"
        >
          <li
            class="nhsuk-header__navigation-item"
          >
            <a
              class="nhsuk-header__navigation-link"
              href="#"
            >
              NHS service standard
            </a>
          </li>
          <li
            class="nhsuk-header__navigation-item"
          >
            <a
              class="nhsuk-header__navigation-link"
              href="#"
            >
              Design system
            </a>
          </li>
          <li
            class="nhsuk-header__navigation-item"
          >
            <a
              class="nhsuk-header__navigation-link"
              href="#"
            >
              Content guide
            </a>
          </li>
          <li
            class="nhsuk-header__navigation-item"
          >
            <a
              class="nhsuk-header__navigation-link"
              href="#"
            >
              Accessibility
            </a>
          </li>
          <li
            class="nhsuk-header__navigation-item"
          >
            <a
              class="nhsuk-header__navigation-link"
              href="#"
            >
              Community and contribution
            </a>
          </li>
          <li
            class="nhsuk-header__menu"
            hidden=""
          >
            <button
              aria-expanded="false"
              class="nhsuk-header__menu-toggle nhsuk-header__navigation-link"
              id="toggle-menu"
              type="button"
            >
              <span
                class="nhsuk-u-visually-hidden"
              >
                Browse
              </span>
               More
              <svg
                aria-hidden="true"
                class="nhsuk-icon nhsuk-icon__chevron-down"
                focusable="false"
                viewBox="0 0 24 24"
                xmlns="http://www.w3.org/2000/svg"
              >
                <path
                  d="M15.5 12a1 1 0 0 1-.29.71l-5 5a1 1 0 0 1-1.42-1.42l4.3-4.29-4.3-4.29a1 1 0 0 1 1.42-1.42l5 5a1 1 0 0 1 .29.71z"
                />
              </svg>
            </button>
          </li>
        </ul>
      </div>
    </nav>
  </header>
</div>
`;
