// Vitest Snapshot v1, https://vitest.dev/guide/snapshot.html

exports[`should render the hint component 1`] = `
<div>
  <div
    class="nhsuk-hint"
  >
    Use hint text to help users understand a question.
  </div>
</div>
`;
