// Vitest Snapshot v1, https://vitest.dev/guide/snapshot.html

exports[`should render the SkipLink component 1`] = `
<div>
  <a
    class="nhsuk-skip-link"
    href="#maincontent"
  >
    Skip to main content
  </a>
</div>
`;
