// Vitest Snapshot v1, https://vitest.dev/guide/snapshot.html

exports[`should render the error summary component 1`] = `
<div>
  <div
    aria-labelledby="error-summary_:r0:"
    class="nhsuk-error-summary"
    role="alert"
    tabindex="-1"
  >
    <h2
      class="nhsuk-error-summary__title"
      id="error-summary_:r0:"
    >
      There is a problem
    </h2>
    <div
      class="nhsuk-error-summary__body"
    >
      <p>
        Describe the errors and how to correct them
      </p>
      <ul
        class="nhsuk-list nhsuk-error-summary__list"
        role="list"
      >
        <li>
          <a
            href="#"
          >
            Date of birth must be in the past
          </a>
        </li>
      </ul>
    </div>
  </div>
</div>
`;
