// Vitest Snapshot v1, https://vitest.dev/guide/snapshot.html

exports[`should render a navigation element with a contents list 1`] = `
<div>
  <nav
    aria-label="Pages in this guide"
    class="nhsuk-contents-list"
    role="navigation"
  >
    <h2
      class="nhsuk-u-visually-hidden"
    >
      Contents
    </h2>
    <ol
      class="nhsuk-contents-list__list"
    >
      <li
        aria-current="page"
        class="nhsuk-contents-list__item"
      >
        <span
          class="nhsuk-contents-list__current"
          href="#"
        >
          What is AMD?
        </span>
      </li>
      <li
        class="nhsuk-contents-list__item"
      >
        <a
          class="nhsuk-contents-list__link"
          href="#"
        >
          Symptoms
        </a>
      </li>
      <li
        class="nhsuk-contents-list__item"
      >
        <a
          class="nhsuk-contents-list__link"
          href="#"
        >
          Getting diagnosed
        </a>
      </li>
      <li
        class="nhsuk-contents-list__item"
      >
        <a
          class="nhsuk-contents-list__link"
          href="#"
        >
          Treatment
        </a>
      </li>
      <li
        class="nhsuk-contents-list__item"
      >
        <a
          class="nhsuk-contents-list__link"
          href="#"
        >
          Living with AMD
        </a>
      </li>
    </ol>
  </nav>
</div>
`;
