// Vitest Snapshot v1, https://vitest.dev/guide/snapshot.html

exports[`should render the error message component 1`] = `
<div>
  <span
    class="nhsuk-error-message"
  >
    <span
      class="nhsuk-u-visually-hidden"
    >
      Error: 
    </span>
    Date of birth must be in the pasts
  </span>
</div>
`;
