// Vitest Snapshot v1, https://vitest.dev/guide/snapshot.html

exports[`should render the ReadingWidth component 1`] = `null`;
