// Vitest Snapshot v1, https://vitest.dev/guide/snapshot.html

exports[`should render a breadcrumb element 1`] = `
<div>
  <nav
    aria-label="Breadcrumb"
    class="nhsuk-breadcrumb"
  >
    <div
      class="nhsuk-width-container"
    >
      <ol
        class="nhsuk-breadcrumb__list"
      >
        <li
          class="nhsuk-breadcrumb__item"
        >
          <a
            class="nhsuk-breadcrumb__link"
            href="/level-one"
          >
            Level one
          </a>
        </li>
        <li
          class="nhsuk-breadcrumb__item"
        >
          <a
            class="nhsuk-breadcrumb__link"
            href="/level-one/level-two"
          >
            Level two
          </a>
        </li>
        <li
          class="nhsuk-breadcrumb__item"
        >
          <a
            class="nhsuk-breadcrumb__link"
            href="/level-one/level-two/level-three"
          >
            Level three
          </a>
        </li>
      </ol>
      <p
        class="nhsuk-breadcrumb__back"
      >
        <a
          class="nhsuk-breadcrumb__backlink"
          href="/level-one/level-two/level-three"
        >
          <span
            class="nhsuk-u-visually-hidden"
          >
            Back to &nbsp;
          </span>
          Level three
        </a>
      </p>
    </div>
  </nav>
</div>
`;
