// Vitest Snapshot v1, https://vitest.dev/guide/snapshot.html

exports[`should render the Details component 1`] = `
<div>
  <details
    class="nhsuk-details"
    data-testid="details"
    id="nhsuk-details0"
    nhsuk-polyfilled="true"
  >
    <summary
      aria-controls="nhsuk-details__text0"
      aria-expanded="false"
      class="nhsuk-details__summary"
      data-testid="details-summary"
      role="button"
      tabindex="0"
    >
      <span
        class="nhsuk-details__summary-text"
      >
        How to find your NHS number
      </span>
    </summary>
    <div
      aria-hidden="true"
      class="nhsuk-details__text"
      data-testid="details-text"
      id="nhsuk-details__text0"
      style="display: none;"
    >
      <p>
        An NHS number is a 10 digit number, like 485 777 3456.
      </p>
      <p>
        You can find your NHS number by logging in to a GP online service or on any document the NHS has sent you, such as your:
      </p>
      <ul>
        <li>
          prescriptions
        </li>
        <li>
          test results
        </li>
        <li>
          hospital referral letters
        </li>
        <li>
          appointment letters
        </li>
      </ul>
      <p>
        Ask your GP surgery for help if you can't find your NHS number.
      </p>
    </div>
  </details>
</div>
`;
